Archive member included because of file (symbol)

d:/imtschool content/imt_sdk_win_64/winavr/bin/../lib/gcc/avr/4.3.3/avr5\libgcc.a(_exit.o)
                              d:/imtschool content/imt_sdk_win_64/winavr/bin/../lib/gcc/avr/4.3.3/../../../../avr/lib/avr5/crtm32.o (exit)
d:/imtschool content/imt_sdk_win_64/winavr/bin/../lib/gcc/avr/4.3.3/avr5\libgcc.a(_clear_bss.o)
                              ./EXTI/EXTI_program.o (__do_clear_bss)

Memory Configuration

Name             Origin             Length             Attributes
text             0x00000000         0x00020000         xr
data             0x00800060         0x0000ffa0         rw !x
eeprom           0x00810000         0x00010000         rw !x
fuse             0x00820000         0x00000400         rw !x
lock             0x00830000         0x00000400         rw !x
signature        0x00840000         0x00000400         rw !x
*default*        0x00000000         0xffffffff

Linker script and memory map

LOAD d:/imtschool content/imt_sdk_win_64/winavr/bin/../lib/gcc/avr/4.3.3/../../../../avr/lib/avr5/crtm32.o
LOAD ./EXTI/EXTI_program.o
LOAD ./DIO/DIO_program.o
LOAD ./ADC/ADC_program.o
LOAD ./main.o
LOAD d:/imtschool content/imt_sdk_win_64/winavr/bin/../lib/gcc/avr/4.3.3/avr5\libgcc.a
LOAD d:/imtschool content/imt_sdk_win_64/winavr/bin/../lib/gcc/avr/4.3.3/../../../../avr/lib/avr5\libc.a
LOAD d:/imtschool content/imt_sdk_win_64/winavr/bin/../lib/gcc/avr/4.3.3/avr5\libgcc.a

.hash
 *(.hash)

.dynsym
 *(.dynsym)

.dynstr
 *(.dynstr)

.gnu.version
 *(.gnu.version)

.gnu.version_d
 *(.gnu.version_d)

.gnu.version_r
 *(.gnu.version_r)

.rel.init
 *(.rel.init)

.rela.init
 *(.rela.init)

.rel.text
 *(.rel.text)
 *(.rel.text.*)
 *(.rel.gnu.linkonce.t*)

.rela.text
 *(.rela.text)
 *(.rela.text.*)
 *(.rela.gnu.linkonce.t*)

.rel.fini
 *(.rel.fini)

.rela.fini
 *(.rela.fini)

.rel.rodata
 *(.rel.rodata)
 *(.rel.rodata.*)
 *(.rel.gnu.linkonce.r*)

.rela.rodata
 *(.rela.rodata)
 *(.rela.rodata.*)
 *(.rela.gnu.linkonce.r*)

.rel.data
 *(.rel.data)
 *(.rel.data.*)
 *(.rel.gnu.linkonce.d*)

.rela.data
 *(.rela.data)
 *(.rela.data.*)
 *(.rela.gnu.linkonce.d*)

.rel.ctors
 *(.rel.ctors)

.rela.ctors
 *(.rela.ctors)

.rel.dtors
 *(.rel.dtors)

.rela.dtors
 *(.rela.dtors)

.rel.got
 *(.rel.got)

.rela.got
 *(.rela.got)

.rel.bss
 *(.rel.bss)

.rela.bss
 *(.rela.bss)

.rel.plt
 *(.rel.plt)

.rela.plt
 *(.rela.plt)

.text           0x00000000      0x5fa
 *(.vectors)
 .vectors       0x00000000       0x54 d:/imtschool content/imt_sdk_win_64/winavr/bin/../lib/gcc/avr/4.3.3/../../../../avr/lib/avr5/crtm32.o
                0x00000000                __vectors
                0x00000000                __vector_default
 *(.vectors)
 *(.progmem.gcc*)
 *(.progmem*)
                0x00000054                . = ALIGN (0x2)
                0x00000054                __trampolines_start = .
 *(.trampolines)
 .trampolines   0x00000054        0x0 linker stubs
 *(.trampolines*)
                0x00000054                __trampolines_end = .
 *(.jumptables)
 *(.jumptables*)
 *(.lowtext)
 *(.lowtext*)
                0x00000054                __ctors_start = .
 *(.ctors)
                0x00000054                __ctors_end = .
                0x00000054                __dtors_start = .
 *(.dtors)
                0x00000054                __dtors_end = .
 SORT(*)(.ctors)
 SORT(*)(.dtors)
 *(.init0)
 .init0         0x00000054        0x0 d:/imtschool content/imt_sdk_win_64/winavr/bin/../lib/gcc/avr/4.3.3/../../../../avr/lib/avr5/crtm32.o
                0x00000054                __init
 *(.init0)
 *(.init1)
 *(.init1)
 *(.init2)
 .init2         0x00000054        0xc d:/imtschool content/imt_sdk_win_64/winavr/bin/../lib/gcc/avr/4.3.3/../../../../avr/lib/avr5/crtm32.o
 *(.init2)
 *(.init3)
 *(.init3)
 *(.init4)
 .init4         0x00000060       0x10 d:/imtschool content/imt_sdk_win_64/winavr/bin/../lib/gcc/avr/4.3.3/avr5\libgcc.a(_clear_bss.o)
                0x00000060                __do_clear_bss
 *(.init4)
 *(.init5)
 *(.init5)
 *(.init6)
 *(.init6)
 *(.init7)
 *(.init7)
 *(.init8)
 *(.init8)
 *(.init9)
 .init9         0x00000070        0x8 d:/imtschool content/imt_sdk_win_64/winavr/bin/../lib/gcc/avr/4.3.3/../../../../avr/lib/avr5/crtm32.o
 *(.init9)
 *(.text)
 .text          0x00000078        0x4 d:/imtschool content/imt_sdk_win_64/winavr/bin/../lib/gcc/avr/4.3.3/../../../../avr/lib/avr5/crtm32.o
                0x00000078                __vector_12
                0x00000078                __bad_interrupt
                0x00000078                __vector_6
                0x00000078                __vector_3
                0x00000078                __vector_11
                0x00000078                __vector_13
                0x00000078                __vector_17
                0x00000078                __vector_19
                0x00000078                __vector_7
                0x00000078                __vector_5
                0x00000078                __vector_4
                0x00000078                __vector_9
                0x00000078                __vector_2
                0x00000078                __vector_15
                0x00000078                __vector_8
                0x00000078                __vector_14
                0x00000078                __vector_10
                0x00000078                __vector_16
                0x00000078                __vector_18
                0x00000078                __vector_20
 .text          0x0000007c        0x0 ./EXTI/EXTI_program.o
 .text          0x0000007c        0x0 ./DIO/DIO_program.o
 .text          0x0000007c        0x0 ./ADC/ADC_program.o
 .text          0x0000007c        0x0 ./main.o
 .text          0x0000007c        0x0 d:/imtschool content/imt_sdk_win_64/winavr/bin/../lib/gcc/avr/4.3.3/avr5\libgcc.a(_exit.o)
 .text          0x0000007c        0x0 d:/imtschool content/imt_sdk_win_64/winavr/bin/../lib/gcc/avr/4.3.3/avr5\libgcc.a(_clear_bss.o)
                0x0000007c                . = ALIGN (0x2)
 *(.text.*)
 .text.EXTI_vInit
                0x0000007c       0x4c ./EXTI/EXTI_program.o
                0x0000007c                EXTI_vInit
 .text.EXTI_vSetSenseCtrl
                0x000000c8       0x18 ./EXTI/EXTI_program.o
                0x000000c8                EXTI_vSetSenseCtrl
 .text.EXTI_vEnableInterrupt
                0x000000e0       0x18 ./EXTI/EXTI_program.o
                0x000000e0                EXTI_vEnableInterrupt
 .text.EXTI_vDisableInterrupt
                0x000000f8       0x14 ./EXTI/EXTI_program.o
                0x000000f8                EXTI_vDisableInterrupt
 .text.EXTI_vRegisterCallback
                0x0000010c       0x34 ./EXTI/EXTI_program.o
                0x0000010c                EXTI_vRegisterCallback
 .text.__vector_1
                0x00000140       0x66 ./EXTI/EXTI_program.o
                0x00000140                __vector_1
 .text.DIO_vWritePinDirection
                0x000001a6      0x186 ./DIO/DIO_program.o
                0x000001a6                DIO_vWritePinDirection
 .text.DIO_vWritePinValue
                0x0000032c      0x186 ./DIO/DIO_program.o
                0x0000032c                DIO_vWritePinValue
 .text.DIO_u8ReadPinValue
                0x000004b2       0x44 ./DIO/DIO_program.o
                0x000004b2                DIO_u8ReadPinValue
 .text.DIO_vTogglePin
                0x000004f6       0x18 ./DIO/DIO_program.o
                0x000004f6                DIO_vTogglePin
 .text.DIO_vWritePortDirection
                0x0000050e       0x18 ./DIO/DIO_program.o
                0x0000050e                DIO_vWritePortDirection
 .text.DIO_vWritePortValue
                0x00000526       0x18 ./DIO/DIO_program.o
                0x00000526                DIO_vWritePortValue
 .text.DIO_u8ReadPortValue
                0x0000053e       0x16 ./DIO/DIO_program.o
                0x0000053e                DIO_u8ReadPortValue
 .text.ADC_vInit
                0x00000554       0x7e ./ADC/ADC_program.o
                0x00000554                ADC_vInit
 .text.ADC_vReadDigitalValue
                0x000005d2       0x1a ./ADC/ADC_program.o
                0x000005d2                ADC_vReadDigitalValue
 .text.main     0x000005ec        0xa ./main.o
                0x000005ec                main
 .text.libgcc   0x000005f6        0x0 d:/imtschool content/imt_sdk_win_64/winavr/bin/../lib/gcc/avr/4.3.3/avr5\libgcc.a(_exit.o)
 .text.libgcc   0x000005f6        0x0 d:/imtschool content/imt_sdk_win_64/winavr/bin/../lib/gcc/avr/4.3.3/avr5\libgcc.a(_clear_bss.o)
                0x000005f6                . = ALIGN (0x2)
 *(.fini9)
 .fini9         0x000005f6        0x0 d:/imtschool content/imt_sdk_win_64/winavr/bin/../lib/gcc/avr/4.3.3/avr5\libgcc.a(_exit.o)
                0x000005f6                exit
                0x000005f6                _exit
 *(.fini9)
 *(.fini8)
 *(.fini8)
 *(.fini7)
 *(.fini7)
 *(.fini6)
 *(.fini6)
 *(.fini5)
 *(.fini5)
 *(.fini4)
 *(.fini4)
 *(.fini3)
 *(.fini3)
 *(.fini2)
 *(.fini2)
 *(.fini1)
 *(.fini1)
 *(.fini0)
 .fini0         0x000005f6        0x4 d:/imtschool content/imt_sdk_win_64/winavr/bin/../lib/gcc/avr/4.3.3/avr5\libgcc.a(_exit.o)
 *(.fini0)
                0x000005fa                _etext = .

.data           0x00800060        0x0 load address 0x000005fa
                0x00800060                PROVIDE (__data_start, .)
 *(.data)
 .data          0x00800060        0x0 d:/imtschool content/imt_sdk_win_64/winavr/bin/../lib/gcc/avr/4.3.3/../../../../avr/lib/avr5/crtm32.o
 .data          0x00800060        0x0 ./EXTI/EXTI_program.o
 .data          0x00800060        0x0 ./DIO/DIO_program.o
 .data          0x00800060        0x0 ./ADC/ADC_program.o
 .data          0x00800060        0x0 ./main.o
 .data          0x00800060        0x0 d:/imtschool content/imt_sdk_win_64/winavr/bin/../lib/gcc/avr/4.3.3/avr5\libgcc.a(_exit.o)
 .data          0x00800060        0x0 d:/imtschool content/imt_sdk_win_64/winavr/bin/../lib/gcc/avr/4.3.3/avr5\libgcc.a(_clear_bss.o)
 *(.data*)
 *(.rodata)
 *(.rodata*)
 *(.gnu.linkonce.d*)
                0x00800060                . = ALIGN (0x2)
                0x00800060                _edata = .
                0x00800060                PROVIDE (__data_end, .)

.bss            0x00800060        0x6
                0x00800060                PROVIDE (__bss_start, .)
 *(.bss)
 .bss           0x00800060        0x0 d:/imtschool content/imt_sdk_win_64/winavr/bin/../lib/gcc/avr/4.3.3/../../../../avr/lib/avr5/crtm32.o
 .bss           0x00800060        0x0 ./EXTI/EXTI_program.o
 .bss           0x00800060        0x0 ./DIO/DIO_program.o
 .bss           0x00800060        0x0 ./ADC/ADC_program.o
 .bss           0x00800060        0x0 ./main.o
 .bss           0x00800060        0x0 d:/imtschool content/imt_sdk_win_64/winavr/bin/../lib/gcc/avr/4.3.3/avr5\libgcc.a(_exit.o)
 .bss           0x00800060        0x0 d:/imtschool content/imt_sdk_win_64/winavr/bin/../lib/gcc/avr/4.3.3/avr5\libgcc.a(_clear_bss.o)
 *(.bss*)
 .bss.G_EXTI0_Callback
                0x00800060        0x2 ./EXTI/EXTI_program.o
 .bss.G_EXTI1_Callback
                0x00800062        0x2 ./EXTI/EXTI_program.o
 .bss.G_EXTI2_Callback
                0x00800064        0x2 ./EXTI/EXTI_program.o
 *(COMMON)
                0x00800066                PROVIDE (__bss_end, .)
                0x000005fa                __data_load_start = LOADADDR (.data)
                0x000005fa                __data_load_end = (__data_load_start + SIZEOF (.data))

.noinit         0x00800066        0x0
                0x00800066                PROVIDE (__noinit_start, .)
 *(.noinit*)
                0x00800066                PROVIDE (__noinit_end, .)
                0x00800066                _end = .
                0x00800066                PROVIDE (__heap_start, .)

.eeprom         0x00810000        0x0
 *(.eeprom*)
                0x00810000                __eeprom_end = .

.fuse
 *(.fuse)
 *(.lfuse)
 *(.hfuse)
 *(.efuse)

.lock
 *(.lock*)

.signature
 *(.signature*)

.stab           0x00000000     0x10b0
 *(.stab)
 .stab          0x00000000      0x5dc ./EXTI/EXTI_program.o
 .stab          0x000005dc      0x558 ./DIO/DIO_program.o
                                0x564 (size before relaxing)
 .stab          0x00000b34      0x330 ./ADC/ADC_program.o
                                0x4d4 (size before relaxing)
 .stab          0x00000e64      0x24c ./main.o
                                0x258 (size before relaxing)

.stabstr        0x00000000      0xc0d
 *(.stabstr)
 .stabstr       0x00000000      0xc0d ./EXTI/EXTI_program.o

.stab.excl
 *(.stab.excl)

.stab.exclstr
 *(.stab.exclstr)

.stab.index
 *(.stab.index)

.stab.indexstr
 *(.stab.indexstr)

.comment
 *(.comment)

.debug
 *(.debug)

.line
 *(.line)

.debug_srcinfo
 *(.debug_srcinfo)

.debug_sfnames
 *(.debug_sfnames)

.debug_aranges
 *(.debug_aranges)

.debug_pubnames
 *(.debug_pubnames)

.debug_info
 *(.debug_info)
 *(.gnu.linkonce.wi.*)

.debug_abbrev
 *(.debug_abbrev)

.debug_line
 *(.debug_line)

.debug_frame
 *(.debug_frame)

.debug_str
 *(.debug_str)

.debug_loc
 *(.debug_loc)

.debug_macinfo
 *(.debug_macinfo)
OUTPUT(06-ADC_driver.elf elf32-avr)
LOAD linker stubs
